

 : S C O P Y   C O M P I L E R   L I S T I N G

 Generated code is SAM assembly language for
 the MACC2 virtual computer.
 ___________________________________________

 March 26, 2018 at 08:18 PM
 Source file: testCases/arthmetic.sy

 LINE #
                    LDA       R15,VARS
     1  :A
     2  :: This program is used to test arithmetic expression evaluations
     3  
     4  int : x;
     5  int : y;
     6  int : z;
     7  
                    RDI       +0(R15)
                    RDI       +2(R15)
     8  :I x,y;
                    WRNL      
     9  :N;
                    WRI       +0(R15)
                    WRI       +2(R15)
    10  :O x,y;
                    WRNL      
    11  :N;
                    LD        R0,#5
                    STO       R0,+4(R15)
    12  z := 5;
                    WRI       +4(R15)
    13  :O z;
                    WRNL      
    14  :N;
    15  
                    LD        R0,+0(R15)
                    IA        R0,+2(R15)
                    STO       R0,+6(R15)
                    LD        R0,+6(R15)
                    STO       R0,+4(R15)
    16  z := x+y;
    17  
                    WRI       +0(R15)
                    WRI       +2(R15)
                    WRI       +4(R15)
    18  :O x,y,z;
                    WRNL      
    19  :N;
                    WRI       #0
    20  :O 0;
    21  
    22  :Z
                    HALT      
                    LABEL     VARS
                    SKIP      10


 _____________________________________________
 <><><><>   S Y M B O L   T A B L E   <><><><>

 Relative
 Address      Identifier      Value      Type
 --------     ----------      -----      -----
      0       x               0          1
      2       y               0          1
      4       z               0          1
      6       Temp&1               5.71074e-36          1
 _____________________________________________

 Normal successful compilation.
