

 : S C O P Y   C O M P I L E R   L I S T I N G

 Generated code is SAM assembly language for
 the MACC2 virtual computer.
 ___________________________________________

 April 11, 2018 at 09:53 AM
 Source file: testCases/float.sy

 LINE #
                    LDA       R15,VARS
                    LDA       R14,STRINGS
     1  :A
     2  float : y := 3.5;
     3  ::float : x := 3;
     4  ::int : z := 5;
     5  :::O y;
     6  :::N;
     7  
                    LD        R0,#2
                    FLT       R1,+0(R15)
                    FA        R0,R1
                    STO       R0,+4(R15)
                    LD        R0,+6(R15)
                    STO       R0,+0(R15)
     8  y := 2 + y;
                    WRF       +0(R15)
     9  :O y;
                    WRNL      
    10  :N;
    11  
    12  ::y := 3;
    13  :::O y;
    14  :::N;
    15  
    16  
    17  
    18  ::y := 3 + y * 2 + 3.4e2;
    19  :::O y;
    20  :::N;
    21  
    22  :Z
                    HALT      
                    LABEL     STRINGS
                    LABEL     VARS
                    REAL      3.500000
                    REAL      0.000000


 _____________________________________________
 <><><><>  V A R I A B L E   T A B L E   <><><><>

 Relative
 Address      Identifier      Value      Type
 --------     ----------      -----      -----
      0       y               3.5          2
      4       Temp&1               2          1
      6       Temp&2               0          2
 _____________________________________________

 _____________________________________________
 <><><><>  S C R I B B L E   T A B L E   <><><><>

 Relative
 Address      Identifier      Value      Type
 --------     ----------      -----      -----
 _____________________________________________

 Normal successful compilation.
