

 : S C O P Y   C O M P I L E R   L I S T I N G

 Generated code is SAM assembly language for
 the MACC2 virtual computer.
 ___________________________________________

 March 27, 2018 at 06:07 PM
 Source file: testCases/NotaArray.sy

 LINE #
                    LDA       R15,VARS
     1  :A
     2  :: declare a variable
     3  float : x, z;
     4  float : y;
     5  int : w;
                    LD        R0,#5
                    STO       R0,+8(R15)
     6  y := 5;
                    LD        R0,#1
                    STO       R0,+0(R15)
     7  x := 1;
                    LD        R0,+0(R15)
                    FD        R0,+8(R15)
                    STO       R0,+14(R15)
                    LD        R0,+14(R15)
                    STO       R0,+0(R15)
     8  x := x / y;
     9  ::output zero
                    RDF       +0(R15)
    10  :I x;
                    LD        R0,+0(R15)
                    FA        R0,+8(R15)
                    STO       R0,+18(R15)
                    WRF       +18(R15)
    11  :O x + y;
    12  :Z
                    HALT      
                    LABEL     VARS
                    SKIP      14


 _____________________________________________
 <><><><>   S Y M B O L   T A B L E   <><><><>

 Relative
 Address      Identifier      Value      Type
 --------     ----------      -----      -----
      0       x               0          2
      4       z               0          2
      8       y               0          2
     12       w               0          1
     14       Temp&1               8.90572e-39          2
     18       Temp&2               -8.21677e+12          2
 _____________________________________________

 Normal successful compilation.
