

 : S C O P Y   C O M P I L E R   L I S T I N G

 Generated code is SAM assembly language for
 the MACC2 virtual computer.
 ___________________________________________

 March 26, 2018 at 10:13 AM
 Source file: testCases/NotaArray.sy

 LINE #
                    LDA       R15,VARS
     1  :A
     2  :: declare a variable
     3  int : x;
     4  int : y;
     5  int : z;
     6  float : b;
     7  float : c;
     8  ::input zero
                    RDF       +6(R15)
     9  :I b;
    10  ::output zero
    11  
                    WRF       +6(R15)
    12  :O b;
    13  :Z
                    HALT      
                    LABEL     VARS
                    SKIP      12


 _____________________________________________
 <><><><>   S Y M B O L   T A B L E   <><><><>

 Relative
 Address      Identifier      Value      Type
 --------     --------------------------------
      0       x      0      1
      2       y      0      1
      4       z      0      1
      6       b      0      2
     10       c      0      2
 _____________________________________________

 Normal successful compilation.
