

 : S C O P Y   C O M P I L E R   L I S T I N G

 Generated code is SAM assembly language for
 the MACC2 virtual computer.
 ___________________________________________

 April 23, 2018 at 08:11 AM
 Source file: testCases/betaTests/00simple.cpy

 LINE #
                    LDA       R15,VARS
                    LDA       R14,STRINGS
     1  :A
                    LD        R0,#0
                    STO       R0,+0(R15)
     2  int: x;
     3  :: Our grammar requires at least one declaration
                    WRI       #8
     4  :O 8;
                    WRNL      
     5  :N;
                    WRI       +0(R15)
     6  :O x;
     7  :Z
                    HALT      
                    LABEL     STRINGS
                    LABEL     VARS
                    INT    0


 _____________________________________________
 <><><><>  V A R I A B L E   T A B L E   <><><><>

 Relative
 Address      Identifier      Value      Type
 --------     ----------      -----      -----
      0       x               0          1
 _____________________________________________

 _____________________________________________
 <><><><>  S C R I B B L E   T A B L E   <><><><>

 Relative
 Address      Identifier      Value      Type
 --------     ----------      -----      -----
 _____________________________________________

 Normal successful compilation.
