

 : S C O P Y   C O M P I L E R   L I S T I N G

 Generated code is SAM assembly language for
 the MACC2 virtual computer.
 ___________________________________________

 April 13, 2018 at 08:01 AM
 Source file: testCases/betaTests/017Declartions.sy

 LINE #
     1  :: declarations.mnc
     2  ::
     3  :: Declarations testing with simple input/output.
     4  
                    LDA       R15,VARS
                    LDA       R14,STRINGS
     5  :A
                    LD        R0,#0
                    STO       R0,+0(R15)
                    LD        R0,#0
                    STO       R0,+2(R15)
                    LD        R0,#0
                    STO       R0,+4(R15)
     6  	int: m, n, k;
     7  	float: a, b, c;
     8  
                    WRST      +0(R14)
     9  	:O "Enter 3 integers: ";
                    RDI       +0(R15)
                    RDI       +2(R15)
                    RDI       +4(R15)
    10  	:I m, n , k;
                    WRI       +0(R15)
                    WRI       +2(R15)
                    WRI       +4(R15)
    11  	:O m, n, k;
                    WRST      +18(R14)
    12  	:O "\n\n";
                    WRST      +22(R14)
    13  	:O "Enter 3 real numbers: ";
                    RDF       +6(R15)
                    RDF       +10(R15)
                    RDF       +14(R15)
    14  	:I a, b, c;
                    WRF       +6(R15)
                    WRF       +10(R15)
                    WRF       +14(R15)
    15  	:O a, b, c;
                    WRST      +44(R14)
    16  	:O "\n\n";
                    WRI       #99
                    WRI       #2345
                    WRI       #10
    17  	:O 99, 2345, 10;
                    WRF       +18(R15)
                    WRF       +22(R15)
                    WRF       +26(R15)
    18  	:O 3.2, 1.0e+3, 222.55;
                    WRST      +48(R14)
                    WRST      +50(R14)
                    WRST      +52(R14)
    19  	:O "a", "b", "c";
                    WRNL      
    20  	:N;
    21  :Z
                    HALT      
                    LABEL     STRINGS
                    STRING    "Enter 3 integers:: "
                    STRING    ":010:010"
                    STRING    "Enter 3 real numbers:: "
                    STRING    ":010:010"
                    STRING    "a"
                    STRING    "b"
                    STRING    "c"
                    LABEL     VARS
                    REAL      0.000000
                    REAL      0.000000
                    REAL      0.000000
                    REAL      3.200000
                    REAL      1000.000000
                    REAL      222.550003


 _____________________________________________
 <><><><>  V A R I A B L E   T A B L E   <><><><>

 Relative
 Address      Identifier      Value      Type
 --------     ----------      -----      -----
      0       m               7.4096e-38          1
      2       n               7.41308e-38          1
      4       k               7.41308e-38          1
      6       a               7.41236e-38          2
     10       b               7.41308e-38          2
     14       c               7.41308e-38          2
     18       Temp&5               3.2          2
     22       Temp&6               1000          2
     26       Temp&7               222.55          2
 _____________________________________________

 _____________________________________________
 <><><><>  S C R I B B L E   T A B L E   <><><><>

 Relative
 Address      Identifier      Value      Type
 --------     ----------      -----      -----
      0       Temp&1               0          0
     18       Temp&2               -9.60628e+27          0
     22       Temp&3               -9.60951e+27          0
     44       Temp&4               -9.60582e+27          0
     48       Temp&8               4.2039e-45          0
     50       Temp&9               -9.60546e+27          0
     52       Temp&10               -9.60532e+27          0
 _____________________________________________

 Normal successful compilation.
