

 : S C O P Y   C O M P I L E R   L I S T I N G

 Generated code is SAM assembly language for
 the MACC2 virtual computer.
 ___________________________________________

 April 02, 2018 at 08:30 AM
 Source file: testCases/betaTests/01InOut.sy

 LINE #
     1  :: 01InOut.csc
     2  ::
     3  :: Input/output testing.
     4  
                    LDA       R15,VARS
                    LDA       R14,STRINGS
     5  :A
     6  
                    LD        R0,#0
                    STO       R0,+0(R15)
                    LD        R0,#0
                    STO       R0,+2(R15)
     7  	int:   x0, x1;
                    LD        R0,#0
                    STO       R0,+4(R15)
                    LD        R0,#0
                    STO       R0,+8(R15)
     8  	float:  y0, y1;
     9  
                    WRI       #5
                    WRI       #3
    10  	:O 5, 3;
                    WRI       #2
                    WRI       #4
    11  	:O 2, 4;
                    WRST      +0(R14)
                    WRI       #1
                    WRST      +4(R14)
                    WRI       #8
                    WRST      +16(R14)
    12  	:O "\n\n", 1, " \"start\" ", 8, "*";
    13  
    14  	:/
    15  	:O "\n\nEnter two integers: ";
    16  	:N;
    17  	:I x0, x1;
    18  	:O x1, x0;
    19  	:O "\nEnter two real numbers: ";
    20  	:I y0, y1;
    21  	:O y1, " ", y0;
    22  	:N;
    23  	/:
    24  :Z
                    HALT      
                    LABEL     STRINGS
                    STRING    "\n\n"
                    STRING    " :"start:" "
                    STRING    "*"
                    LABEL     VARS


 _____________________________________________
 <><><><>   S Y M B O L   T A B L E   <><><><>

 Relative
 Address      Identifier      Value      Type
 --------     ----------      -----      -----
      0       x0               1.15243e-41          1
      2       x1               1.15243e-41          1
      4       y0               5.91246e-39          2
      8       y1               5.91246e-39          2
      0       Temp&1               4.2039e-45          0
      4       Temp&2               5.60519e-45          0
     16       Temp&3               7.00649e-45          0
 _____________________________________________

 Normal successful compilation.
