

 : S C O P Y   C O M P I L E R   L I S T I N G

 Generated code is SAM assembly language for
 the MACC2 virtual computer.
 ___________________________________________

 April 16, 2018 at 09:34 AM
 Source file: testCases/betaTests/12IfThen.cpy

 LINE #
     1  ::  12IfThen.csc
     2  ::
     3  ::  Tests simple if statements (no else clauses).
     4  
                    LDA       R15,VARS
                    LDA       R14,STRINGS
     5  :A
     6  
                    LD        R0,#0
                    STO       R0,+0(R15)
                    LD        R0,#0
                    STO       R0,+2(R15)
     7  	int: n, m;
     8  	
     9  
                    WRST      +0(R14)
    10  	:O "Enter two integers: ";
                    RDI       +0(R15)
                    RDI       +2(R15)
    11  	:I n, m;
                    LD        R0,+0(R15)
                    IC        R0,+2(R15)
                    JLE       IFEND1
    12  	:? (n > m )
                    WRI       +0(R15)
                    WRST      +20(R14)
                    WRI       +2(R15)
                    WRST      +38(R14)
    13  		:O n, " is greater than ", m, "\n";
                    LABEL     IFEND1
    14  	:.
                    LD        R0,+2(R15)
                    IC        R0,+0(R15)
                    JLE       IFEND2
    15  	:? (m > n)
                    WRI       +2(R15)
                    WRST      +40(R14)
                    WRI       +0(R15)
                    WRST      +58(R14)
    16  		:O m, " is greater than ", n, "\n";
                    LABEL     IFEND2
    17  	:.
                    WRST      +60(R14)
    18  	:O "\n";
    19  
    20  :Z
                    HALT      
                    LABEL     STRINGS
                    STRING    "Enter two integers:: "
                    STRING    " is greater than "
                    STRING    ":010"
                    STRING    " is greater than "
                    STRING    ":010"
                    STRING    ":010"
                    LABEL     VARS
                    INT    0
                    INT    0


 _____________________________________________
 <><><><>  V A R I A B L E   T A B L E   <><><><>

 Relative
 Address      Identifier      Value      Type
 --------     ----------      -----      -----
      0       n               1.4013e-44          1
      2       m               1.4013e-44          1
 _____________________________________________

 _____________________________________________
 <><><><>  S C R I B B L E   T A B L E   <><><><>

 Relative
 Address      Identifier      Value      Type
 --------     ----------      -----      -----
      0       Temp&1               -3.16603e+38          0
     20       Temp&2               -3.16589e+38          0
     38       Temp&3               -3.1658e+38          0
     40       Temp&4               -3.16587e+38          0
     58       Temp&5               -3.16578e+38          0
     60       Temp&6               -3.16594e+38          0
 _____________________________________________

 Normal successful compilation.
