

 : S C O P Y   C O M P I L E R   L I S T I N G

 Generated code is SAM assembly language for
 the MACC2 virtual computer.
 ___________________________________________

 April 16, 2018 at 10:18 AM
 Source file: testCases/betaTests/simplew.cpy

 LINE #
                    LDA       R15,VARS
                    LDA       R14,STRINGS
     1  :A
                    LD        R0,#3
                    STO       R0,+0(R15)
     2  int: a := 3;
                    LD        R0,#30
                    STO       R0,+2(R15)
     3  int: b := 30;
     4  
                    LABEL     WHLBEG1
                    LD        R0,+0(R15)
                    IC        R0,+2(R15)
                    JGE       WHLEND1
     5  :W( a < b )
     6  
                    WRST      +0(R14)
     7      :O "hi there";
                    LD        R0,+0(R15)
                    IA        R0,#1
                    STO       R0,+4(R15)
                    LD        R0,+4(R15)
                    STO       R0,+0(R15)
     8      a:= a +1;
                    WRI       +0(R15)
     9      :O a;
                    JMP       WHLBEG1
                    LABEL     WHLEND1
    10  :.
    11  
    12  
    13  :Z
                    HALT      
                    LABEL     STRINGS
                    STRING    "hi there"
                    LABEL     VARS
                    INT    3
                    INT    30
                    INT    0


 _____________________________________________
 <><><><>  V A R I A B L E   T A B L E   <><><><>

 Relative
 Address      Identifier      Value      Type
 --------     ----------      -----      -----
      0       a               3          1
      2       b               30          1
      4       Temp&2               3.95462e-05          1
 _____________________________________________

 _____________________________________________
 <><><><>  S C R I B B L E   T A B L E   <><><><>

 Relative
 Address      Identifier      Value      Type
 --------     ----------      -----      -----
      0       Temp&1               9.48601e-29          0
 _____________________________________________

 Normal successful compilation.
