

 : S C O P Y   C O M P I L E R   L I S T I N G

 Generated code is SAM assembly language for
 the MACC2 virtual computer.
 ___________________________________________

 April 16, 2018 at 01:15 PM
 Source file: testCases/betaTests/simple2.cpy

 LINE #
                    LDA       R15,VARS
                    LDA       R14,STRINGS
     1  :A
     2  
                    LD        R0,#5
                    STO       R0,+0(R15)
     3  int : x := 5;
                    LD        R0,+0(R15)
                    IC        R0,#5
     4  :? ( x == 5 )
                    WRST      +0(R14)
     5      :O "1";
     6  
                    LABEL     IFEND1
     7  :.
     8  
     9  
    10  :Z
                    HALT      
                    LABEL     STRINGS
                    STRING    "1"
                    LABEL     VARS
                    INT    5


 _____________________________________________
 <><><><>  V A R I A B L E   T A B L E   <><><><>

 Relative
 Address      Identifier      Value      Type
 --------     ----------      -----      -----
      0       x               5          1
 _____________________________________________

 _____________________________________________
 <><><><>  S C R I B B L E   T A B L E   <><><><>

 Relative
 Address      Identifier      Value      Type
 --------     ----------      -----      -----
      0       Temp&1               4.04031e+20          0
 _____________________________________________

 Normal successful compilation.
