

 : S C O P Y   C O M P I L E R   L I S T I N G

 Generated code is SAM assembly language for
 the MACC2 virtual computer.
 ___________________________________________

 April 18, 2018 at 08:36 AM
 Source file: testCases/betaTests/simpled.cpy

 LINE #
                    LDA       R15,VARS
                    LDA       R14,STRINGS
     1  :A
     2  
                    LD        R0,#1
                    STO       R0,+0(R15)
     3  int: a := 1;
                    LD        R0,#20
                    STO       R0,+2(R15)
     4  int: b := 20;
                    LABEL     DOUT1
     5  :D
                    LD        R0,+0(R15)
                    IA        R0,#1
                    STO       R0,+4(R15)
                    LD        R0,+4(R15)
                    STO       R0,+0(R15)
     6      a := a + 1;
                    WRI       +0(R15)
     7      :O a;
                    LD        R0,+0(R15)
                    IC        R0,#10
                    JGE       IFEND1
     8      :?(a <10)
                    WRI       #1
     9          :O 1;
                    LABEL     IFEND1
                    JLT       IFEND2
    10      :!
                    WRI       #5
    11          :O 5;
                    LABEL     IFEND2
    12      :.
                    LD        R0,+0(R15)
                    IC        R0,+2(R15)
                    JLT       DOUT1
                    LABEL     DOEND1
    13  :U(a < b);
    14  
    15  
    16  :Z
                    HALT      
                    LABEL     STRINGS
                    LABEL     VARS
                    INT    1
                    INT    20
                    INT    0


 _____________________________________________
 <><><><>  V A R I A B L E   T A B L E   <><><><>

 Relative
 Address      Identifier      Value      Type
 --------     ----------      -----      -----
      0       a               1          1
      2       b               20          1
      4       Temp&1               0          1
 _____________________________________________

 _____________________________________________
 <><><><>  S C R I B B L E   T A B L E   <><><><>

 Relative
 Address      Identifier      Value      Type
 --------     ----------      -----      -----
 _____________________________________________

 Normal successful compilation.
